SCHEDULE
MONDAY (07:00-08:00)
1. IF4061 K2 / FNA / R7602

TUESDAY (07:00-08:00)
1. IF4062 K2 / MLK / R7603

MONDAY (08:00-09:00)
1. IF4063 K2 / MLK / R7604