SCHEDULE
MONDAY (07:00-08:00)
1. IF4061 K2 / FNA / R7602
2. IF4063 K2 / MLK / R7604

TUESDAY (07:00-08:00)
1. IF4062 K2 / MLK / R7603