SCHEDULE
TUESDAY (10:00-11:00)
1. IF4150 K1 / YAA / Multimedia1
2. IF4150 K2 / AMM / R7606
3. IF4150 K3 / BYY / R7602

MONDAY (11:00-12:00)
1. IF4091 K2 / PST / R7602

MONDAY (13:00-14:00)
1. IF4071 K1 / DPL / R7609
2. IF4071 K2 / MLK / R7610